// Jest Snapshot v1, https://goo.gl/fbAQLP

exports[`Renders Component Renders Parent that holds store 1`] = `ShallowWrapper {}`;

exports[`renders child component <Allpost/> 1`] = `ShallowWrapper {}`;
